// Jest Snapshot v1, https://goo.gl/fbAQLP

exports[`Skeletons component snapshot should match snapshot 1`] = `
<DocumentFragment>
  .c0 {
  display: -webkit-box;
  display: -webkit-flex;
  display: -ms-flexbox;
  display: flex;
  position: relative;
  overflow: hidden;
  opacity: .25;
  background: linear-gradient(to right,var(--color-dark) 8%,var(--color-dark-70) 18%,var(--color-dark) 33%);
  background-size: 1200px 104px;
  border-radius: var(--radius);
  -webkit-animation-duration: 1s;
  animation-duration: 1s;
  -webkit-animation-fill-mode: forwards;
  animation-fill-mode: forwards;
  -webkit-animation-iteration-count: infinite;
  animation-iteration-count: infinite;
  -webkit-animation-timing-function: linear;
  animation-timing-function: linear;
  -webkit-animation-name: placeHolderShimmer;
  animation-name: placeHolderShimmer;
}

.c0.type-text {
  min-height: var(--body-line-height);
}

.c0.type-title {
  min-height: var(--heading-line-height);
}

.c0.width-lg {
  width: 100%;
}

.c0.width-md {
  width: 50%;
}

.c0.width-sm {
  width: 25%;
}

.c1 {
  position: absolute;
  top: 0;
}

<h1
    class="title-skeleton "
    style="width: 100%; position: relative;"
  >
      
    <span
      class="c0 line-skeleton c1 width-lg type-title"
    />
  </h1>
  .c0 {
  display: -webkit-box;
  display: -webkit-flex;
  display: -ms-flexbox;
  display: flex;
  position: relative;
  overflow: hidden;
  opacity: .25;
  background: linear-gradient(to right,var(--color-dark) 8%,var(--color-dark-70) 18%,var(--color-dark) 33%);
  background-size: 1200px 104px;
  border-radius: var(--radius);
  -webkit-animation-duration: 1s;
  animation-duration: 1s;
  -webkit-animation-fill-mode: forwards;
  animation-fill-mode: forwards;
  -webkit-animation-iteration-count: infinite;
  animation-iteration-count: infinite;
  -webkit-animation-timing-function: linear;
  animation-timing-function: linear;
  -webkit-animation-name: placeHolderShimmer;
  animation-name: placeHolderShimmer;
}

.c0.type-text {
  min-height: var(--body-line-height);
}

.c0.type-title {
  min-height: var(--heading-line-height);
}

.c0.width-lg {
  width: 100%;
}

.c0.width-md {
  width: 50%;
}

.c0.width-sm {
  width: 25%;
}

.c1 {
  position: absolute;
  top: 0;
}

<h3
    class="title-skeleton "
    style="width: 100%; position: relative;"
  >
      
    <span
      class="c0 line-skeleton c1 width-lg type-title"
    />
  </h3>
  .c0 {
  position: relative;
  overflow: hidden;
  opacity: .25;
  margin-bottom: 20px;
  background: linear-gradient(to right,var(--color-dark) 8%,var(--color-dark-70) 18%,var(--color-dark) 33%);
  background-size: 1200px 104px;
  width: 100%;
  height: 200px;
  border-radius: var(--radius);
  -webkit-animation-duration: 1s;
  animation-duration: 1s;
  -webkit-animation-fill-mode: forwards;
  animation-fill-mode: forwards;
  -webkit-animation-iteration-count: infinite;
  animation-iteration-count: infinite;
  -webkit-animation-timing-function: linear;
  animation-timing-function: linear;
  -webkit-animation-name: placeHolderShimmer;
  animation-name: placeHolderShimmer;
}

<div
    class="c0 line-skeleton "
  />
  .c0 {
  position: relative;
  overflow: hidden;
  opacity: .25;
  margin-bottom: 20px;
  background: linear-gradient(to right,var(--color-dark) 8%,var(--color-dark-70) 18%,var(--color-dark) 33%);
  background-size: 1200px 104px;
  width: 100%;
  height: 250px;
  -webkit-animation-duration: 1s;
  animation-duration: 1s;
  -webkit-animation-fill-mode: forwards;
  animation-fill-mode: forwards;
  -webkit-animation-iteration-count: infinite;
  animation-iteration-count: infinite;
  -webkit-animation-timing-function: linear;
  animation-timing-function: linear;
  -webkit-animation-name: placeHolderShimmer;
  animation-name: placeHolderShimmer;
}

<div
    class="c0 line-skeleton "
  />
  .c0 {
  display: -webkit-box;
  display: -webkit-flex;
  display: -ms-flexbox;
  display: flex;
  position: relative;
  overflow: hidden;
  opacity: .25;
  background: linear-gradient(to right,var(--color-dark) 8%,var(--color-dark-70) 18%,var(--color-dark) 33%);
  background-size: 1200px 104px;
  border-radius: var(--radius);
  -webkit-animation-duration: 1s;
  animation-duration: 1s;
  -webkit-animation-fill-mode: forwards;
  animation-fill-mode: forwards;
  -webkit-animation-iteration-count: infinite;
  animation-iteration-count: infinite;
  -webkit-animation-timing-function: linear;
  animation-timing-function: linear;
  -webkit-animation-name: placeHolderShimmer;
  animation-name: placeHolderShimmer;
}

.c0.type-text {
  min-height: var(--body-line-height);
}

.c0.type-title {
  min-height: var(--heading-line-height);
}

.c0.width-lg {
  width: 100%;
}

.c0.width-md {
  width: 50%;
}

.c0.width-sm {
  width: 25%;
}

<span
    class="c0 line-skeleton  width-lg type-text"
  />
  .c0 {
  display: -webkit-box;
  display: -webkit-flex;
  display: -ms-flexbox;
  display: flex;
  position: relative;
  overflow: hidden;
  opacity: .25;
  background: linear-gradient(to right,var(--color-dark) 8%,var(--color-dark-70) 18%,var(--color-dark) 33%);
  background-size: 1200px 104px;
  border-radius: var(--radius);
  -webkit-animation-duration: 1s;
  animation-duration: 1s;
  -webkit-animation-fill-mode: forwards;
  animation-fill-mode: forwards;
  -webkit-animation-iteration-count: infinite;
  animation-iteration-count: infinite;
  -webkit-animation-timing-function: linear;
  animation-timing-function: linear;
  -webkit-animation-name: placeHolderShimmer;
  animation-name: placeHolderShimmer;
}

.c0.type-text {
  min-height: var(--body-line-height);
}

.c0.type-title {
  min-height: var(--heading-line-height);
}

.c0.width-lg {
  width: 100%;
}

.c0.width-md {
  width: 50%;
}

.c0.width-sm {
  width: 25%;
}

<span
    class="c0 line-skeleton  width-sm type-text"
  />
  .c0 {
  display: -webkit-box;
  display: -webkit-flex;
  display: -ms-flexbox;
  display: flex;
  position: relative;
  overflow: hidden;
  opacity: .25;
  background: linear-gradient(to right,var(--color-dark) 8%,var(--color-dark-70) 18%,var(--color-dark) 33%);
  background-size: 1200px 104px;
  border-radius: var(--radius);
  -webkit-animation-duration: 1s;
  animation-duration: 1s;
  -webkit-animation-fill-mode: forwards;
  animation-fill-mode: forwards;
  -webkit-animation-iteration-count: infinite;
  animation-iteration-count: infinite;
  -webkit-animation-timing-function: linear;
  animation-timing-function: linear;
  -webkit-animation-name: placeHolderShimmer;
  animation-name: placeHolderShimmer;
}

.c0.type-text {
  min-height: var(--body-line-height);
}

.c0.type-title {
  min-height: var(--heading-line-height);
}

.c0.width-lg {
  width: 100%;
}

.c0.width-md {
  width: 50%;
}

.c0.width-sm {
  width: 25%;
}

<span
    class="c0 line-skeleton  width-md type-text"
  />
  .c1 {
  display: -webkit-box;
  display: -webkit-flex;
  display: -ms-flexbox;
  display: flex;
  position: relative;
  overflow: hidden;
  opacity: .25;
  background: linear-gradient(to right,var(--color-dark) 8%,var(--color-dark-70) 18%,var(--color-dark) 33%);
  background-size: 1200px 104px;
  border-radius: var(--radius);
  -webkit-animation-duration: 1s;
  animation-duration: 1s;
  -webkit-animation-fill-mode: forwards;
  animation-fill-mode: forwards;
  -webkit-animation-iteration-count: infinite;
  animation-iteration-count: infinite;
  -webkit-animation-timing-function: linear;
  animation-timing-function: linear;
  -webkit-animation-name: placeHolderShimmer;
  animation-name: placeHolderShimmer;
}

.c1.type-text {
  min-height: var(--body-line-height);
}

.c1.type-title {
  min-height: var(--heading-line-height);
}

.c1.width-lg {
  width: 100%;
}

.c1.width-md {
  width: 50%;
}

.c1.width-sm {
  width: 25%;
}

.c0 {
  margin-bottom: 25px;
  width: 100%;
}

.c0 p {
  margin-top: 0;
  margin-bottom: 5px;
}

.c2 {
  position: absolute;
  top: 0;
  margin-bottom: 0;
}

<div
    class="c0 text-skeleton "
  >
    <p
      style="position: relative;"
    >
       
      <span
        class="c1 line-skeleton c2 width-lg type-text"
      />
    </p>
    <p
      style="position: relative;"
    >
       
      <span
        class="c1 line-skeleton c2 width-lg type-text"
      />
    </p>
    <p
      style="position: relative;"
    >
       
      <span
        class="c1 line-skeleton c2 width-sm type-text"
      />
    </p>
  </div>
  .c1 {
  display: -webkit-box;
  display: -webkit-flex;
  display: -ms-flexbox;
  display: flex;
  position: relative;
  overflow: hidden;
  opacity: .25;
  background: linear-gradient(to right,var(--color-dark) 8%,var(--color-dark-70) 18%,var(--color-dark) 33%);
  background-size: 1200px 104px;
  border-radius: var(--radius);
  -webkit-animation-duration: 1s;
  animation-duration: 1s;
  -webkit-animation-fill-mode: forwards;
  animation-fill-mode: forwards;
  -webkit-animation-iteration-count: infinite;
  animation-iteration-count: infinite;
  -webkit-animation-timing-function: linear;
  animation-timing-function: linear;
  -webkit-animation-name: placeHolderShimmer;
  animation-name: placeHolderShimmer;
}

.c1.type-text {
  min-height: var(--body-line-height);
}

.c1.type-title {
  min-height: var(--heading-line-height);
}

.c1.width-lg {
  width: 100%;
}

.c1.width-md {
  width: 50%;
}

.c1.width-sm {
  width: 25%;
}

.c0 {
  margin-bottom: 25px;
  width: 100%;
}

.c0 p {
  margin-top: 0;
  margin-bottom: 5px;
}

.c2 {
  position: absolute;
  top: 0;
  margin-bottom: 0;
}

<div
    class="c0 text-skeleton "
  >
    <p
      style="position: relative;"
    >
       
      <span
        class="c1 line-skeleton c2 width-sm type-text"
      />
    </p>
    <p
      style="position: relative;"
    >
       
      <span
        class="c1 line-skeleton c2 width-sm type-text"
      />
    </p>
    <p
      style="position: relative;"
    >
       
      <span
        class="c1 line-skeleton c2 width-sm type-text"
      />
    </p>
  </div>
  .c1 {
  display: -webkit-box;
  display: -webkit-flex;
  display: -ms-flexbox;
  display: flex;
  position: relative;
  overflow: hidden;
  opacity: .25;
  background: linear-gradient(to right,var(--color-dark) 8%,var(--color-dark-70) 18%,var(--color-dark) 33%);
  background-size: 1200px 104px;
  border-radius: var(--radius);
  -webkit-animation-duration: 1s;
  animation-duration: 1s;
  -webkit-animation-fill-mode: forwards;
  animation-fill-mode: forwards;
  -webkit-animation-iteration-count: infinite;
  animation-iteration-count: infinite;
  -webkit-animation-timing-function: linear;
  animation-timing-function: linear;
  -webkit-animation-name: placeHolderShimmer;
  animation-name: placeHolderShimmer;
}

.c1.type-text {
  min-height: var(--body-line-height);
}

.c1.type-title {
  min-height: var(--heading-line-height);
}

.c1.width-lg {
  width: 100%;
}

.c1.width-md {
  width: 50%;
}

.c1.width-sm {
  width: 25%;
}

.c0 {
  margin-bottom: 25px;
  width: 100%;
}

.c0 p {
  margin-top: 0;
  margin-bottom: 5px;
}

.c2 {
  position: absolute;
  top: 0;
  margin-bottom: 0;
}

<div
    class="c0 text-skeleton "
  >
    <p
      style="position: relative;"
    >
       
      <span
        class="c1 line-skeleton c2 width-md type-text"
      />
    </p>
    <p
      style="position: relative;"
    >
       
      <span
        class="c1 line-skeleton c2 width-md type-text"
      />
    </p>
    <p
      style="position: relative;"
    >
       
      <span
        class="c1 line-skeleton c2 width-sm type-text"
      />
    </p>
  </div>
  .c1 {
  display: -webkit-box;
  display: -webkit-flex;
  display: -ms-flexbox;
  display: flex;
  position: relative;
  overflow: hidden;
  opacity: .25;
  background: linear-gradient(to right,var(--color-dark) 8%,var(--color-dark-70) 18%,var(--color-dark) 33%);
  background-size: 1200px 104px;
  border-radius: var(--radius);
  -webkit-animation-duration: 1s;
  animation-duration: 1s;
  -webkit-animation-fill-mode: forwards;
  animation-fill-mode: forwards;
  -webkit-animation-iteration-count: infinite;
  animation-iteration-count: infinite;
  -webkit-animation-timing-function: linear;
  animation-timing-function: linear;
  -webkit-animation-name: placeHolderShimmer;
  animation-name: placeHolderShimmer;
}

.c1.type-text {
  min-height: var(--body-line-height);
}

.c1.type-title {
  min-height: var(--heading-line-height);
}

.c1.width-lg {
  width: 100%;
}

.c1.width-md {
  width: 50%;
}

.c1.width-sm {
  width: 25%;
}

.c0 {
  margin-bottom: 25px;
  width: 100%;
}

.c0 p {
  margin-top: 0;
  margin-bottom: 5px;
}

.c2 {
  position: absolute;
  top: 0;
  margin-bottom: 0;
}

<div
    class="c0 text-skeleton "
  >
    <p
      style="position: relative;"
    >
       
      <span
        class="c1 line-skeleton c2 width-lg type-text"
      />
    </p>
    <p
      style="position: relative;"
    >
       
      <span
        class="c1 line-skeleton c2 width-lg type-text"
      />
    </p>
    <p
      style="position: relative;"
    >
       
      <span
        class="c1 line-skeleton c2 width-lg type-text"
      />
    </p>
    <p
      style="position: relative;"
    >
       
      <span
        class="c1 line-skeleton c2 width-lg type-text"
      />
    </p>
    <p
      style="position: relative;"
    >
       
      <span
        class="c1 line-skeleton c2 width-sm type-text"
      />
    </p>
  </div>
  .c0 {
  display: -webkit-box;
  display: -webkit-flex;
  display: -ms-flexbox;
  display: flex;
  position: relative;
  overflow: hidden;
  opacity: .25;
  background: linear-gradient(to right,var(--color-dark) 8%,var(--color-dark-70) 18%,var(--color-dark) 33%);
  background-size: 1200px 104px;
  border-radius: var(--radius);
  -webkit-animation-duration: 1s;
  animation-duration: 1s;
  -webkit-animation-fill-mode: forwards;
  animation-fill-mode: forwards;
  -webkit-animation-iteration-count: infinite;
  animation-iteration-count: infinite;
  -webkit-animation-timing-function: linear;
  animation-timing-function: linear;
  -webkit-animation-name: placeHolderShimmer;
  animation-name: placeHolderShimmer;
}

.c0.type-text {
  min-height: var(--body-line-height);
}

.c0.type-title {
  min-height: var(--heading-line-height);
}

.c0.width-lg {
  width: 100%;
}

.c0.width-md {
  width: 50%;
}

.c0.width-sm {
  width: 25%;
}

.c1 {
  position: absolute;
  top: 0;
  min-width: 12px;
}

<span
    class=""
    style="display: block; position: relative; margin-bottom: 5px;"
  >
      
    <span
      class="c0 line-skeleton c1 width-lg type-text"
    />
  </span>
</DocumentFragment>
`;
